src/pages/student/ChatPage.tsx(1,1): error TS6133: 'React' is declared but its value is never read.
src/pages/student/HomeworkScannerPage.tsx(1,1): error TS6133: 'React' is declared but its value is never read.
src/pages/student/LearningPage.tsx(1,1): error TS6133: 'React' is declared but its value is never read.
src/pages/student/MistakeBookPage.tsx(1,1): error TS6133: 'React' is declared but its value is never read.
src/pages/student/StudentWorkbench.tsx(1,1): error TS6192: All imports in import declaration are unused.
src/pages/student/StudentWorkbench.tsx(3,1): error TS6133: 'AuthService' is declared but its value is never read.
src/pages/student/UserCenterPage.tsx(1,1): error TS6133: 'React' is declared but its value is never read.
